[sleddingtech.com/index.html]
[external.html]
[backblue.gif]
[fade.gif]
[index.html]
[sleddingtech.com/wp-includes/css/dist/block-library/style.minae48.css]
[sleddingtech.com/comments/feed/index.html]
[sleddingtech.com/feed/index.html]
[sleddingtech.com/wp-includes/css/classic-themes.minae48.css]
[sleddingtech.com/wp-content/plugins/contact-form-7/includes/css/styles76f3.css]
[sleddingtech.com/wp-content/plugins/mega-addons-for-visual-composer/css/ihoverae48.css]
[sleddingtech.com/wp-content/plugins/mega-addons-for-visual-composer/css/styleae48.css]
[sleddingtech.com/wp-content/plugins/mega-addons-for-visual-composer/css/font-awesome/css/allae48.css]
[sleddingtech.com/wp-content/plugins/revslider/public/assets/css/rs65c45.css]
[sleddingtech.com/wp-content/plugins/wp-job-openings/assets/css/general.min6765.css]
[sleddingtech.com/wp-content/plugins/wp-job-openings/assets/css/style.min6765.css]
[sleddingtech.com/wp-content/themes/engitech/css/bootstrapf9b8.css]
[sleddingtech.com/wp-content/themes/engitech/css/font-awesome.minae48.css]
[sleddingtech.com/wp-content/themes/engitech/css/flaticonae48.css]
[sleddingtech.com/wp-content/themes/engitech/css/slickae48.css]
[sleddingtech.com/wp-content/themes/engitech/css/slick-themeae48.css]
[sleddingtech.com/wp-content/themes/engitech/css/magnific-popupae48.css]
[sleddingtech.com/wp-content/themes/engitech/styleae48.css]
[sleddingtech.com/wp-content/themes/engitech/inc/backend/css/simple-likes-publicae48.css]
[sleddingtech.com/wp-content/plugins/elementor/assets/lib/eicons/css/elementor-icons.min91ce.css]
[sleddingtech.com/wp-content/plugins/elementor/assets/css/frontend-legacy.minf43b.css]
[sleddingtech.com/wp-content/plugins/elementor/assets/css/frontend.minf43b.css]
[sleddingtech.com/wp-content/uploads/elementor/css/post-2896dddc.css]
[sleddingtech.com/wp-content/uploads/elementor/css/global101a.css]
[sleddingtech.com/wp-content/uploads/elementor/css/post-227430c4.css]
[sleddingtech.com/wp-content/plugins/elementor/assets/lib/font-awesome/css/fontawesome.min52d5.css]
[sleddingtech.com/wp-content/plugins/elementor/assets/lib/font-awesome/css/brands.min52d5.css]
[sleddingtech.com/wp-includes/js/jquery/jquery.mina767.js]
[sleddingtech.com/wp-includes/js/jquery/jquery-migrate.min6b00.js]
[sleddingtech.com/wp-content/plugins/revslider/public/assets/js/rbtools.min5c45.js]
[sleddingtech.com/wp-content/themes/engitech/inc/backend/js/simple-likes-public6a79.js]
[sleddingtech.com/wp-content/plugins/revslider/public/assets/js/rs6.min5c45.js]
[sleddingtech.com/wp-json/wp/v2/pages/2274.json]
[sleddingtech.com/wp-json/index.html]
[sleddingtech.com/wp-includes/wlwmanifest.xml]
[sleddingtech.com/wp-json/oembed/1.0/embed333d.json]
[sleddingtech.com/wp-json/oembed/1.0/embedc551]
[sleddingtech.com/wp-content/uploads/2021/01/cropped-fevicon-32x32.png]
[sleddingtech.com/wp-content/uploads/2021/01/cropped-fevicon-192x192.png]
[sleddingtech.com/wp-content/uploads/2021/01/cropped-fevicon-180x180.png]
[sleddingtech.com/wp-content/fonts/roboto/KFOmCnqEu92Fr1Mu72xMKTU1Kvnz.woff]
[sleddingtech.com/wp-content/fonts/roboto/KFOmCnqEu92Fr1Mu5mxMKTU1Kvnz.woff]
[sleddingtech.com/wp-content/fonts/roboto/KFOmCnqEu92Fr1Mu7mxMKTU1Kvnz.woff]
[sleddingtech.com/wp-content/fonts/roboto/KFOmCnqEu92Fr1Mu4WxMKTU1Kvnz.woff]
[sleddingtech.com/wp-content/fonts/roboto/KFOmCnqEu92Fr1Mu7WxMKTU1Kvnz.woff]
[sleddingtech.com/wp-content/fonts/roboto/KFOmCnqEu92Fr1Mu7GxMKTU1Kvnz.woff]
[sleddingtech.com/wp-content/fonts/roboto/KFOmCnqEu92Fr1Mu4mxMKTU1Kg.woff]
[sleddingtech.com/wp-content/uploads/2020/09/Logo_2-removebg-preview.png]
[sleddingtech.com/wp-content/uploads/2019/11/project11.jpg]
[sleddingtech.com/services/index.html]
[sleddingtech.com/gallery/index.html]
[sleddingtech.com/current-opening/index.html]
[sleddingtech.com/about-us/index.html]
[sleddingtech.com/wp-content/uploads/2019/11/project11-720x720.jpg]
[sleddingtech.com/wp-content/uploads/2019/11/project10.jpg]
[sleddingtech.com/wp-content/uploads/2019/11/project10-720x720.jpg]
[sleddingtech.com/contact-us/index.html]
[sleddingtech.com/wp-content/uploads/2019/11/project4.jpg]
[sleddingtech.com/wp-content/uploads/2019/11/project4-720x720.jpg]
[sleddingtech.com/wp-content/uploads/2019/11/project6.jpg]
[sleddingtech.com/wp-content/uploads/2019/11/project6-720x720.jpg]
[sleddingtech.com/wp-content/uploads/2019/11/project2.jpg]
[sleddingtech.com/wp-content/uploads/2019/11/project2-720x720.jpg]
[sleddingtech.com/wp-content/uploads/2019/11/project1.jpg]
[sleddingtech.com/wp-content/uploads/2019/11/project1-720x720.jpg]
[sleddingtech.com/wp-content/uploads/revslider/home-1/slide1-home1.jpg]
[sleddingtech.com/wp-content/uploads/revslider/home-1/slide2-home1.jpg]
[sleddingtech.com/wp-content/uploads/revslider/home-1/slide3-home1.jpg]
[sleddingtech.com/wp-content/uploads/2021/01/1000px-IBM_logo.svg.png]
[sleddingtech.com/wp-content/uploads/2021/01/1024px-Cisco_logo.svg.png]
[sleddingtech.com/wp-content/uploads/2021/01/Logo-True-Colors.png]
[sleddingtech.com/wp-content/uploads/2021/01/tata-consultancy-services-logo-png-transparent.png]
[sleddingtech.com/wp-content/uploads/2020/02/image1-home1.png]
[sleddingtech.com/wp-content/uploads/2022/06/logo.png]
[sleddingtech.com/wp-content/uploads/2022/06/vaisesika.jpg]
[sleddingtech.com/wp-content/uploads/2022/06/data.jpg]
[sleddingtech.com/wp-content/uploads/2022/06/applo.jpg]
[sleddingtech.com/wp-content/uploads/elementor/css/post-284082b2.css]
[sleddingtech.com/wp-content/uploads/elementor/css/post-2854101a.css]
[sleddingtech.com/wp-content/uploads/elementor/css/post-2856101a.css]
[sleddingtech.com/wp-content/uploads/elementor/css/post-1334101a.css]
[sleddingtech.com/wp-content/plugins/elementor/assets/lib/animations/animations.minf43b.css]
[sleddingtech.com/wp-content/plugins/elementor/assets/lib/font-awesome/css/solid.min52d5.css]
[sleddingtech.com/wp-content/plugins/click-to-chat-for-whatsapp/new/inc/assets/js/appfb6f.js]
[sleddingtech.com/wp-content/plugins/contact-form-7/includes/swv/js/index76f3.js]
[sleddingtech.com/wp-content/plugins/contact-form-7/includes/js/index76f3.js]
[sleddingtech.com/wp-content/plugins/wp-job-openings/assets/js/script.min6765.js]
[sleddingtech.com/wp-includes/js/imagesloaded.mineda1.js]
[sleddingtech.com/wp-content/themes/engitech/js/jquery.magnific-popup.minfc48.js]
[sleddingtech.com/wp-content/themes/engitech/js/jquery.isotope.min3758.js]
[sleddingtech.com/wp-content/themes/engitech/js/slick.minfc48.js]
[sleddingtech.com/wp-content/themes/engitech/js/easypiechart.min3758.js]
[sleddingtech.com/wp-content/themes/engitech/js/jquery.countdown.minfc48.js]
[sleddingtech.com/wp-content/themes/engitech/js/elementorfc48.js]
[sleddingtech.com/wp-content/themes/engitech/js/elementor-headerfc48.js]
[sleddingtech.com/wp-content/themes/engitech/js/scriptsfc48.js]
[sleddingtech.com/wp-content/themes/engitech/js/header-mobilefc48.js]
[sleddingtech.com/wp-content/plugins/elementor/assets/js/webpack.runtime.minf43b.js]
[sleddingtech.com/wp-content/plugins/elementor/assets/js/frontend-modules.minf43b.js]
[sleddingtech.com/wp-content/plugins/elementor/assets/lib/waypoints/waypoints.min05da.js]
[sleddingtech.com/wp-includes/js/jquery/ui/core.min3f14.js]
[sleddingtech.com/wp-content/plugins/elementor/assets/lib/swiper/swiper.min48f5.js]
[sleddingtech.com/wp-content/plugins/elementor/assets/lib/share-link/share-link.minf43b.js]
[sleddingtech.com/wp-content/plugins/elementor/assets/lib/dialog/dialog.mind227.js]
[sleddingtech.com/wp-content/plugins/elementor/assets/js/frontend.minf43b.js]
[sleddingtech.com/index.html]
[sleddingtech.com/wp-includes/css/dist/block-library/style.minae48.css]
[sleddingtech.com/wp-includes/css/classic-themes.minae48.css]
[sleddingtech.com/wp-content/plugins/contact-form-7/includes/css/styles76f3.css]
[sleddingtech.com/wp-content/plugins/mega-addons-for-visual-composer/css/ihoverae48.css]
[sleddingtech.com/wp-content/plugins/mega-addons-for-visual-composer/css/styleae48.css]
[sleddingtech.com/wp-content/plugins/elementor/assets/js/preloaded-modules.minf43b.js]
[sleddingtech.com/wp-content/plugins/mega-addons-for-visual-composer/css/font-awesome/webfonts/fa-brands-400.eot]
[sleddingtech.com/wp-content/plugins/mega-addons-for-visual-composer/css/font-awesome/webfonts/fa-brands-400d41d.eot]
[sleddingtech.com/wp-content/plugins/mega-addons-for-visual-composer/css/font-awesome/webfonts/fa-brands-400.woff2]
[sleddingtech.com/wp-content/plugins/mega-addons-for-visual-composer/css/font-awesome/webfonts/fa-brands-400.woff]
[sleddingtech.com/wp-content/plugins/mega-addons-for-visual-composer/css/font-awesome/webfonts/fa-brands-400.ttf]
[sleddingtech.com/wp-content/plugins/mega-addons-for-visual-composer/css/font-awesome/webfonts/fa-regular-400.eot]
[sleddingtech.com/wp-content/plugins/mega-addons-for-visual-composer/css/font-awesome/webfonts/fa-brands-400.svg]
[sleddingtech.com/wp-content/plugins/mega-addons-for-visual-composer/css/font-awesome/webfonts/fa-regular-400d41d.eot]
[sleddingtech.com/wp-content/plugins/mega-addons-for-visual-composer/css/font-awesome/webfonts/fa-regular-400.woff2]
[sleddingtech.com/wp-content/plugins/mega-addons-for-visual-composer/css/font-awesome/webfonts/fa-regular-400.woff]
[sleddingtech.com/wp-content/plugins/mega-addons-for-visual-composer/css/font-awesome/webfonts/fa-regular-400.ttf]
[sleddingtech.com/wp-content/plugins/mega-addons-for-visual-composer/css/font-awesome/webfonts/fa-regular-400.svg]
[sleddingtech.com/wp-content/plugins/mega-addons-for-visual-composer/css/font-awesome/webfonts/fa-solid-900.eot]
[sleddingtech.com/wp-content/plugins/mega-addons-for-visual-composer/css/font-awesome/webfonts/fa-solid-900d41d.eot]
[sleddingtech.com/wp-content/plugins/mega-addons-for-visual-composer/css/font-awesome/webfonts/fa-solid-900.woff2]
[sleddingtech.com/wp-content/plugins/mega-addons-for-visual-composer/css/font-awesome/webfonts/fa-solid-900.woff]
[sleddingtech.com/wp-content/plugins/mega-addons-for-visual-composer/css/font-awesome/webfonts/fa-solid-900.ttf]
[sleddingtech.com/wp-content/plugins/mega-addons-for-visual-composer/css/font-awesome/css/allae48.css]
[sleddingtech.com/wp-content/plugins/revslider/public/assets/fonts/revicons/revicons90c6.eot]
[sleddingtech.com/wp-content/plugins/revslider/public/assets/fonts/revicons/revicons90c6.woff]
[sleddingtech.com/wp-content/plugins/mega-addons-for-visual-composer/css/font-awesome/webfonts/fa-solid-900.svg]
[sleddingtech.com/wp-content/plugins/revslider/public/assets/fonts/revicons/revicons90c6.ttf]
[sleddingtech.com/wp-content/plugins/revslider/public/assets/fonts/revicons/revicons90c6.svg]
[sleddingtech.com/wp-content/plugins/revslider/public/assets/css/openhand.cur]
[sleddingtech.com/wp-content/plugins/revslider/public/assets/css/closedhand.cur]
[sleddingtech.com/wp-content/plugins/revslider/public/assets/assets/gridtile.png]
[sleddingtech.com/wp-content/plugins/revslider/public/assets/assets/gridtile_white.png]
[sleddingtech.com/wp-content/plugins/revslider/public/assets/assets/gridtile_3x3.png]
[sleddingtech.com/wp-content/plugins/revslider/public/assets/assets/gridtile_3x3_white.png]
[sleddingtech.com/wp-content/plugins/revslider/public/assets/assets/coloredbg.png]
[sleddingtech.com/wp-content/plugins/revslider/public/assets/assets/loader.gif]
[sleddingtech.com/wp-content/plugins/revslider/public/assets/css/rs65c45.css]
[sleddingtech.com/wp-content/plugins/wp-job-openings/assets/fonts/awsm-jobs-icomoon062a.eot]
[sleddingtech.com/wp-content/plugins/wp-job-openings/assets/fonts/awsm-jobs-icomoon062a.woff]
[sleddingtech.com/wp-content/plugins/wp-job-openings/assets/fonts/awsm-jobs-icomoon062a.ttf]
[sleddingtech.com/wp-content/plugins/wp-job-openings/assets/css/general.min6765.css]
[sleddingtech.com/wp-content/plugins/wp-job-openings/assets/fonts/awsm-jobs-icomoon062a.svg]
[sleddingtech.com/wp-content/plugins/wp-job-openings/assets/img/loading.svg]
[sleddingtech.com/wp-content/plugins/wp-job-openings/assets/css/style.min6765.css]
[sleddingtech.com/wp-content/themes/engitech/css/bootstrapf9b8.css]
[sleddingtech.com/wp-content/themes/engitech/fonts/fa-brands-400.eot]
[sleddingtech.com/wp-content/themes/engitech/fonts/fa-brands-400d41d.eot]
[sleddingtech.com/wp-content/themes/engitech/fonts/fa-brands-400.woff2]
[sleddingtech.com/wp-content/themes/engitech/fonts/fa-brands-400.woff]
[sleddingtech.com/wp-content/themes/engitech/fonts/fa-brands-400.ttf]
[sleddingtech.com/wp-content/themes/engitech/fonts/fa-regular-400.eot]
[sleddingtech.com/wp-content/themes/engitech/fonts/fa-brands-400.svg]
[sleddingtech.com/wp-content/themes/engitech/fonts/fa-regular-400d41d.eot]
[sleddingtech.com/wp-content/themes/engitech/fonts/fa-regular-400.woff2]
[sleddingtech.com/wp-content/themes/engitech/fonts/fa-regular-400.woff]
[sleddingtech.com/wp-content/themes/engitech/fonts/fa-regular-400.ttf]
[sleddingtech.com/wp-content/themes/engitech/fonts/fa-regular-400.svg]
[sleddingtech.com/wp-content/themes/engitech/fonts/fa-solid-900.eot]
[sleddingtech.com/wp-content/themes/engitech/fonts/fa-solid-900.woff2]
[sleddingtech.com/wp-content/themes/engitech/fonts/fa-solid-900.woff]
[sleddingtech.com/wp-content/themes/engitech/fonts/fa-solid-900d41d.eot]
[sleddingtech.com/wp-content/themes/engitech/fonts/fa-solid-900.ttf]
[sleddingtech.com/wp-content/themes/engitech/css/font-awesome.minae48.css]
[sleddingtech.com/wp-content/themes/engitech/fonts/Flaticon.eot]
[sleddingtech.com/wp-content/themes/engitech/fonts/fa-solid-900.svg]
[sleddingtech.com/wp-content/themes/engitech/fonts/Flaticond41d.eot]
[sleddingtech.com/wp-content/themes/engitech/fonts/Flaticon.woff2]
[sleddingtech.com/wp-content/themes/engitech/fonts/Flaticon.woff]
[sleddingtech.com/wp-content/themes/engitech/fonts/Flaticon.ttf]
[sleddingtech.com/wp-content/themes/engitech/fonts/Flaticon.svg]
[sleddingtech.com/wp-content/themes/engitech/css/Flaticon.svg]
[sleddingtech.com/wp-content/themes/engitech/css/flaticonae48.css]
[sleddingtech.com/wp-content/themes/engitech/css/slickae48.css]
[sleddingtech.com/wp-content/themes/engitech/css/slick-themeae48.css]
[sleddingtech.com/wp-content/themes/engitech/css/magnific-popupae48.css]
[sleddingtech.com/wp-content/themes/engitech/images/close.png]
[sleddingtech.com/wp-content/themes/engitech/styleae48.css]
[sleddingtech.com/wp-content/themes/engitech/inc/backend/css/simple-likes-publicae48.css]
[sleddingtech.com/wp-content/plugins/elementor/assets/lib/eicons/fonts/eicons1075.eot]
[sleddingtech.com/wp-content/plugins/elementor/assets/lib/eicons/fonts/eicons1075.woff2]
[sleddingtech.com/wp-content/plugins/elementor/assets/lib/eicons/fonts/eicons1075.woff]
[sleddingtech.com/wp-content/plugins/elementor/assets/lib/eicons/css/elementor-icons.min91ce.css]
[sleddingtech.com/wp-content/plugins/elementor/assets/css/frontend-legacy.minf43b.css]
[sleddingtech.com/wp-content/plugins/elementor/assets/css/frontend.minf43b.css]
[sleddingtech.com/wp-content/uploads/elementor/css/post-2896dddc.css]
[sleddingtech.com/wp-content/uploads/elementor/css/global101a.css]
[sleddingtech.com/wp-content/plugins/elementor/assets/lib/eicons/fonts/eicons1075.ttf]
[sleddingtech.com/wp-content/plugins/elementor/assets/lib/eicons/fonts/eicons1075.svg]
[engitech.s3.amazonaws.com/images/bg-cta1-home1.jpg]
[engitech.s3.amazonaws.com/images/bg-maps-dots.jpg]
[sleddingtech.com/wp-content/uploads/elementor/css/post-227430c4.css]
[sleddingtech.com/wp-content/plugins/elementor/assets/lib/font-awesome/css/fontawesome.min52d5.css]
[sleddingtech.com/wp-content/plugins/elementor/assets/lib/font-awesome/webfonts/fa-brands-400.eot]
[sleddingtech.com/wp-content/plugins/elementor/assets/lib/font-awesome/webfonts/fa-brands-400.woff2]
[sleddingtech.com/wp-content/plugins/elementor/assets/lib/font-awesome/webfonts/fa-brands-400d41d.eot]
[sleddingtech.com/wp-content/plugins/elementor/assets/lib/font-awesome/webfonts/fa-brands-400.woff]
[sleddingtech.com/wp-content/plugins/elementor/assets/lib/font-awesome/webfonts/fa-brands-400.ttf]
[sleddingtech.com/wp-content/plugins/elementor/assets/lib/font-awesome/css/brands.min52d5.css]
[sleddingtech.com/xmlrpc0db0.html]
[sleddingtech.com/wp-content/uploads/elementor/css/post-1579873e.css]
[sleddingtech.com/wp-content/plugins/elementor/assets/lib/font-awesome/webfonts/fa-brands-400.svg]
[sleddingtech.com/wp-json/wp/v2/pages/1579.json]
[sleddingtech.com/wp-json/oembed/1.0/embed531f.json]
[sleddingtech.com/wp-json/oembed/1.0/embed0436]
[engitech.s3.amazonaws.com/images/image-box1.jpg]
[engitech.s3.amazonaws.com/images/image-box3.jpg]
[engitech.s3.amazonaws.com/images/image-box2.jpg]
[engitech.s3.amazonaws.com/images/image-box4.jpg]
[sleddingtech.com/about-us/index.html]
[sleddingtech.com/wp-content/uploads/2020/02/image1-about.png]
[sleddingtech.com/wp-content/uploads/elementor/css/post-2407610d.css]
[sleddingtech.com/wp-json/wp/v2/pages/2407.json]
[sleddingtech.com/wp-json/oembed/1.0/embed258b.json]
[sleddingtech.com/wp-json/oembed/1.0/embeda309]
[sleddingtech.com/wp-content/uploads/2021/01/mobile_application1-300x253.png]
[sleddingtech.com/wp-content/uploads/2021/01/product-sdlc-pic-300x281.jpg]
[sleddingtech.com/wp-content/uploads/2021/01/digital-marketing.png]
[sleddingtech.com/wp-content/uploads/2021/01/Devops-toolchain.svg-300x170.png]
[sleddingtech.com/wp-content/uploads/2021/01/23920-1-cloud-computing-photos-300x264.png]
[sleddingtech.com/wp-content/uploads/2021/01/bigdataanalytics-300x190.png]
[sleddingtech.com/wp-content/uploads/2021/01/Staff_Augmentation.png]
[sleddingtech.com/wp-content/uploads/2022/06/consulting-300x255.png]
[engitech.s3.amazonaws.com/images/testi1.png]
[engitech.s3.amazonaws.com/images/testi2.png]
[sleddingtech.com/services/index.html]
[sleddingtech.com/wp-content/uploads/elementor/css/post-3481f56e.css]
[sleddingtech.com/wp-json/wp/v2/pages/3481.json]
[sleddingtech.com/wp-json/oembed/1.0/embed31da.json]
[sleddingtech.com/wp-json/oembed/1.0/embeddbff]
[sleddingtech.com/wp-content/uploads/2022/06/1.jpg]
[sleddingtech.com/wp-content/uploads/2022/06/1-300x225.jpg]
[sleddingtech.com/wp-content/uploads/2022/06/5.jpg]
[sleddingtech.com/wp-content/uploads/2022/06/5-300x225.jpg]
[sleddingtech.com/wp-content/uploads/2022/06/4.jpg]
[sleddingtech.com/wp-content/uploads/2022/06/4-300x225.jpg]
[sleddingtech.com/wp-content/uploads/2022/06/6.jpg]
[sleddingtech.com/wp-content/uploads/2022/06/6-300x225.jpg]
[sleddingtech.com/wp-content/uploads/2022/06/8.jpg]
[sleddingtech.com/wp-content/uploads/2022/06/8-300x225.jpg]
[sleddingtech.com/wp-content/uploads/2022/06/office.jpg]
[sleddingtech.com/wp-content/uploads/2022/06/office-300x138.jpg]
[sleddingtech.com/gallery/index.html]
[sleddingtech.com/wp-content/uploads/elementor/css/post-3102a168.css]
[sleddingtech.com/wp-json/wp/v2/pages/3102.json]
[sleddingtech.com/wp-json/oembed/1.0/embed89c6.json]
[sleddingtech.com/wp-json/oembed/1.0/embed514c]
[sleddingtech.com/current-opening/index.html]
[sleddingtech.com/current-openings/sw-automation-engineer/index.html]
[sleddingtech.com/current-openings/c-and-java-developer/index.html]
[sleddingtech.com/current-openings/backend-java-engineer/index.html]
[sleddingtech.com/current-openings/android-developer/index.html]
[sleddingtech.com/wp-content/uploads/elementor/css/post-1370101a.css]
[sleddingtech.com/current-openings/talend-etl-developer/index.html]
[sleddingtech.com/current-openings/r-shiny-developer/index.html]
[sleddingtech.com/current-openings/lead-java-developer/index.html]
[sleddingtech.com/current-openings/business-analyst-4/index.html]
[sleddingtech.com/wp-json/wp/v2/pages/1370.json]
[sleddingtech.com/current-openings/senior-dot-net-developer/index.html]
[sleddingtech.com/current-openings/core-net-developer/index.html]
[sleddingtech.com/wp-json/oembed/1.0/embed7538.json]
[sleddingtech.com/current-openings/it-recruiter/index.html]
[sleddingtech.com/wp-json/oembed/1.0/embedfdc0]
[sleddingtech.com/current-openings/shopify-developers/index.html]
[www.google.com/recaptcha/apid045.js]
[sleddingtech.com/contact-us/index.html]
[sleddingtech.com/wp-content/uploads/elementor/css/post-284082b2.css]
[sleddingtech.com/wp-content/uploads/elementor/css/post-2854101a.css]
[sleddingtech.com/wp-content/uploads/elementor/css/post-2856101a.css]
[sleddingtech.com/wp-content/uploads/elementor/css/post-1334101a.css]
[sleddingtech.com/wp-content/plugins/elementor/assets/lib/animations/animations.minf43b.css]
[sleddingtech.com/wp-content/plugins/elementor/assets/lib/font-awesome/webfonts/fa-solid-900.woff2]
[sleddingtech.com/wp-content/plugins/elementor/assets/lib/font-awesome/webfonts/fa-solid-900d41d.eot]
[sleddingtech.com/wp-content/plugins/elementor/assets/lib/font-awesome/webfonts/fa-solid-900.eot]
[sleddingtech.com/wp-content/plugins/elementor/assets/lib/font-awesome/webfonts/fa-solid-900.woff]
[sleddingtech.com/wp-content/plugins/elementor/assets/lib/font-awesome/webfonts/fa-solid-900.ttf]
[sleddingtech.com/wp-content/plugins/elementor/assets/lib/font-awesome/css/solid.min52d5.css]
[sleddingtech.com/wp-content/plugins/mega-addons-for-visual-composer/css/font-awesome/webfonts/fa-brands-400.svg]
[sleddingtech.com/wp-content/plugins/mega-addons-for-visual-composer/css/font-awesome/webfonts/fa-regular-400.svg]
[sleddingtech.com/wp-content/plugins/mega-addons-for-visual-composer/css/font-awesome/webfonts/fa-solid-900.svg]
[sleddingtech.com/wp-content/plugins/revslider/public/assets/fonts/revicons/revicons90c6.svg]
[sleddingtech.com/wp-content/plugins/wp-job-openings/assets/fonts/awsm-jobs-icomoon062a.svg]
[sleddingtech.com/wp-content/plugins/wp-job-openings/assets/img/loading.svg]
[sleddingtech.com/wp-content/themes/engitech/fonts/fa-brands-400.svg]
[sleddingtech.com/wp-content/themes/engitech/fonts/fa-regular-400.svg]
[sleddingtech.com/wp-content/themes/engitech/fonts/fa-solid-900.svg]
[sleddingtech.com/wp-content/themes/engitech/fonts/Flaticon.svg]
[sleddingtech.com/wp-content/themes/engitech/css/Flaticon.html]
[sleddingtech.com/wp-content/plugins/elementor/assets/lib/eicons/fonts/eicons1075.svg]
[sleddingtech.com/wp-content/plugins/elementor/assets/lib/font-awesome/webfonts/fa-brands-400.svg]
[sleddingtech.com/wp-content/plugins/elementor/assets/lib/font-awesome/webfonts/fa-solid-900.svg]
[engitech.s3.amazonaws.com/images/bg-art-5.png]
[engitech.s3.amazonaws.com/images/bg-art-6.png]
[sleddingtech.com/wp-content/uploads/elementor/css/post-1579873e.css]
[sleddingtech.com/indexade3.html]
[engitech.s3.amazonaws.com/images/bg-cta-home2.jpg]
[sleddingtech.com/wp-content/uploads/elementor/css/post-2407610d.css]
[sleddingtech.com/index2807.html]
[sleddingtech.com/wp-content/uploads/elementor/css/post-3481f56e.css]
[sleddingtech.com/index16d1.html]
[sleddingtech.com/wp-content/uploads/elementor/css/post-3102a168.css]
[sleddingtech.com/index4591.html]
[sleddingtech.com/wp-json/wp/v2/awsm_job_openings/11249.json]
[sleddingtech.com/wp-json/oembed/1.0/embedec53.json]
[sleddingtech.com/wp-json/oembed/1.0/embedc90e]
[sleddingtech.com/current-openings/sw-automation-engineer/index.html]
[sleddingtech.com/job-type/full-time/index.html]
[sleddingtech.com/job-category/development/index.html]
[sleddingtech.com/job-location/pune/index.html]
[sleddingtech.com/wp-json/wp/v2/awsm_job_openings/11251.json]
[sleddingtech.com/wp-json/oembed/1.0/embedb05b.json]
[sleddingtech.com/current-openings/c-and-java-developer/index.html]
[sleddingtech.com/wp-json/oembed/1.0/embedfe19]
[sleddingtech.com/wp-json/wp/v2/awsm_job_openings/11248.json]
[sleddingtech.com/wp-json/oembed/1.0/embed2751.json]
[sleddingtech.com/wp-json/oembed/1.0/embed4c4c]
[sleddingtech.com/current-openings/backend-java-engineer/index.html]
[sleddingtech.com/wp-json/wp/v2/awsm_job_openings/11245.json]
[sleddingtech.com/wp-json/oembed/1.0/embedc60a.json]
[sleddingtech.com/wp-json/oembed/1.0/embedae24]
[sleddingtech.com/current-openings/android-developer/index.html]
[sleddingtech.com/job-category/developer/index.html]
[sleddingtech.com/wp-json/wp/v2/awsm_job_openings/11038.json]
[sleddingtech.com/job-location/indore/index.html]
[sleddingtech.com/wp-json/oembed/1.0/embed161b.json]
[sleddingtech.com/wp-json/oembed/1.0/embedd594]
[sleddingtech.com/current-openings/talend-etl-developer/index.html]
[sleddingtech.com/wp-json/wp/v2/awsm_job_openings/10919.json]
[sleddingtech.com/job-location/remote/index.html]
[sleddingtech.com/wp-json/oembed/1.0/embed5028.json]
[sleddingtech.com/wp-json/oembed/1.0/embed045e]
[sleddingtech.com/current-openings/lead-java-developer/index.html]
[sleddingtech.com/wp-json/wp/v2/awsm_job_openings/10806.json]
[sleddingtech.com/job-location/maharashtra/index.html]
[sleddingtech.com/wp-json/oembed/1.0/embed6ba5.json]
[sleddingtech.com/wp-json/oembed/1.0/embedbe6b]
[sleddingtech.com/current-openings/r-shiny-developer/index.html]
[sleddingtech.com/wp-json/wp/v2/awsm_job_openings/10799.json]
[sleddingtech.com/wp-json/oembed/1.0/embed3448.json]
[sleddingtech.com/wp-json/oembed/1.0/embed9741]
[sleddingtech.com/current-openings/business-analyst-4/index.html]
[sleddingtech.com/job-category/business-analyst/index.html]
[sleddingtech.com/job-location/mumbai/index.html]
[sleddingtech.com/wp-json/wp/v2/awsm_job_openings/10612.json]
[sleddingtech.com/wp-json/oembed/1.0/embed92ab.json]
[sleddingtech.com/wp-json/oembed/1.0/embed7d70]
[sleddingtech.com/current-openings/senior-dot-net-developer/index.html]
[sleddingtech.com/job-location/bangalore/index.html]
[sleddingtech.com/wp-json/wp/v2/awsm_job_openings/10195.json]
[sleddingtech.com/wp-json/oembed/1.0/embed7463.json]
[sleddingtech.com/wp-json/oembed/1.0/embed639c]
[sleddingtech.com/current-openings/it-recruiter/index.html]
[sleddingtech.com/wp-json/wp/v2/awsm_job_openings/10194.json]
[sleddingtech.com/job-category/information-technology-data-analytics/index.html]
[sleddingtech.com/wp-json/oembed/1.0/embedb9e2.json]
[sleddingtech.com/current-openings/core-net-developer/index.html]
[sleddingtech.com/wp-json/oembed/1.0/embede105]
[sleddingtech.com/wp-json/wp/v2/awsm_job_openings/10193.json]
[sleddingtech.com/wp-json/oembed/1.0/embed52df.json]
[sleddingtech.com/wp-json/oembed/1.0/embed6819]
[sleddingtech.com/current-openings/shopify-developers/index.html]
[sleddingtech.com/wp-content/uploads/elementor/css/post-1370101a.css]
[sleddingtech.com/index8348.html]
[sleddingtech.com/wp-content/plugins/elementor/assets/lib/font-awesome/webfonts/fa-solid-900.svg]
[sleddingtech.com/indexd4ea.html]
[sleddingtech.com/job-category/development/index.html]
[sleddingtech.com/job-category/development/feed/index.html]
[sleddingtech.com/job-type/full-time/index.html]
[sleddingtech.com/current-openings/index.html]
[sleddingtech.com/current-openings/mulesoft-scrum-master/index.html]
[sleddingtech.com/job-location/pune/index.html]
[sleddingtech.com/indexe87a.html]
[sleddingtech.com/current-openings/mulesoft-developer/index.html]
[sleddingtech.com/current-openings/react-js/index.html]
[sleddingtech.com/indexfa6a.html]
[sleddingtech.com/current-openings/golang-developer-2/index.html]
[sleddingtech.com/current-openings/salesforce-vlocity-developer/index.html]
[sleddingtech.com/current-openings/salesforce-cpq-developer/index.html]
[sleddingtech.com/current-openings/devops-engineer-immutable-infrastructure/index.html]
[sleddingtech.com/index9215.html]
[sleddingtech.com/current-openings/mern-stack-developer-with-flux-and-redux/index.html]
[sleddingtech.com/job-type/full-time/feed/index.html]
[sleddingtech.com/current-openings/hubspot-developer/index.html]
[sleddingtech.com/job-category/developer/index.html]
[sleddingtech.com/job-location/pune/feed/index.html]
[sleddingtech.com/job-location/indore/index.html]
[sleddingtech.com/current-openings/technology-lead/index.html]
[sleddingtech.com/index5014.html]
[sleddingtech.com/current-openings/java-full-stack-developer/index.html]
[sleddingtech.com/job-category/developer/feed/index.html]
[sleddingtech.com/job-location/remote/index.html]
[sleddingtech.com/current-openings/ios-developer/index.html]
[sleddingtech.com/index351b.html]
[sleddingtech.com/current-openings/ms-dynamics-365-developers/index.html]
[sleddingtech.com/current-openings/microsoft-azure-ipaas-solution-architect-2/index.html]
[sleddingtech.com/current-openings/mobile-developerxamarin/index.html]
[sleddingtech.com/job-location/maharashtra/index.html]
[sleddingtech.com/current-openings/net-developer/index.html]
[sleddingtech.com/job-location/indore/feed/index.html]
[sleddingtech.com/index5457.html]
[sleddingtech.com/current-openings/automation-qa/index.html]
[sleddingtech.com/job-location/remote/feed/index.html]
[sleddingtech.com/current-openings/msbi-4-years-developer/index.html]
[sleddingtech.com/current-openings/full-stack-developer-4-years-developer/index.html]
[sleddingtech.com/current-openings/it-application-specialist/index.html]
[sleddingtech.com/index7d7a.html]
[sleddingtech.com/current-openings/sap-btp/index.html]
[sleddingtech.com/current-openings/aws-architect/index.html]
[sleddingtech.com/job-category/business-analyst/index.html]
[sleddingtech.com/job-location/maharashtra/feed/index.html]
[sleddingtech.com/job-location/mumbai/index.html]
[sleddingtech.com/current-openings/backend-developer/index.html]
[sleddingtech.com/indexf1e5.html]
[sleddingtech.com/job-category/business-analyst/feed/index.html]
[sleddingtech.com/current-openings/mulesoft-developer-2/index.html]
[sleddingtech.com/job-location/bangalore/index.html]
[sleddingtech.com/job-location/mumbai/feed/index.html]
[sleddingtech.com/index562b.html]
[sleddingtech.com/current-openings/business-analyst-3/index.html]
[sleddingtech.com/job-category/information-technology-data-analytics/index.html]
[sleddingtech.com/current-openings/business-analyst-2/index.html]
[sleddingtech.com/job-location/bangalore/feed/index.html]
[sleddingtech.com/indexb77a.html]
[sleddingtech.com/current-openings/technology-lead-2/index.html]
[sleddingtech.com/job-category/information-technology-data-analytics/feed/index.html]
[sleddingtech.com/index1820.html]
[sleddingtech.com/current-openings/solution-architect/index.html]
[sleddingtech.com/current-openings/hubspot-lead-consultant/index.html]
[sleddingtech.com/current-openings/programmer-analyst/index.html]
[sleddingtech.com/current-openings/index.html]
[sleddingtech.com/current-openings/business-intelligence-engineer/index.html]
[sleddingtech.com/current-openings/business-analyst-automation/index.html]
[sleddingtech.com/current-openings/business-analyst/index.html]
[sleddingtech.com/current-openings/pmo-leader-sr-it-program-manager-erp/index.html]
[sleddingtech.com/wp-json/wp/v2/awsm_job_openings/5754.json]
[sleddingtech.com/current-openings/feed/index.html]
[sleddingtech.com/wp-json/oembed/1.0/embededf1.json]
[sleddingtech.com/wp-json/oembed/1.0/embedeb4e]
[sleddingtech.com/current-openings/mulesoft-scrum-master/index.html]
[sleddingtech.com/wp-json/wp/v2/awsm_job_openings/5752.json]
[sleddingtech.com/wp-json/oembed/1.0/embed3cd2.json]
[sleddingtech.com/wp-json/oembed/1.0/embeded9c]
[sleddingtech.com/current-openings/mulesoft-developer/index.html]
[sleddingtech.com/wp-json/wp/v2/awsm_job_openings/5750.json]
[sleddingtech.com/wp-json/oembed/1.0/embed5b72.json]
[sleddingtech.com/wp-json/oembed/1.0/embed2f59]
[sleddingtech.com/current-openings/golang-developer-2/index.html]
[sleddingtech.com/job-location/bhubaneshwar/index.html]
[sleddingtech.com/job-location/gurgaon/index.html]
[sleddingtech.com/job-location/chennai/index.html]
[sleddingtech.com/job-location/jaipur/index.html]
[sleddingtech.com/wp-json/wp/v2/awsm_job_openings/5671.json]
[sleddingtech.com/wp-json/oembed/1.0/embedff8f.json]
[sleddingtech.com/wp-json/oembed/1.0/embed3160]
[sleddingtech.com/current-openings/react-js/index.html]
[sleddingtech.com/wp-json/wp/v2/awsm_job_openings/4253.json]
[sleddingtech.com/wp-json/oembed/1.0/embed6573.json]
[sleddingtech.com/wp-json/oembed/1.0/embed86b5]
[sleddingtech.com/current-openings/salesforce-vlocity-developer/index.html]
[sleddingtech.com/wp-json/wp/v2/awsm_job_openings/4250.json]
[sleddingtech.com/wp-json/oembed/1.0/embed8109.json]
[sleddingtech.com/current-openings/salesforce-cpq-developer/index.html]
[sleddingtech.com/wp-json/oembed/1.0/embed2229]
[sleddingtech.com/wp-json/wp/v2/awsm_job_openings/4249.json]
[sleddingtech.com/wp-json/oembed/1.0/embed061f.json]
[sleddingtech.com/wp-json/oembed/1.0/embedbcc1]
[sleddingtech.com/current-openings/devops-engineer-immutable-infrastructure/index.html]
[sleddingtech.com/wp-json/wp/v2/awsm_job_openings/4248.json]
[sleddingtech.com/wp-json/oembed/1.0/embed3b31.json]
[sleddingtech.com/wp-json/oembed/1.0/embedbc9c]
[sleddingtech.com/current-openings/mern-stack-developer-with-flux-and-redux/index.html]
[sleddingtech.com/wp-json/wp/v2/awsm_job_openings/4247.json]
[sleddingtech.com/wp-json/oembed/1.0/embed6b6d.json]
[sleddingtech.com/wp-json/oembed/1.0/embedafea]
[sleddingtech.com/current-openings/hubspot-developer/index.html]
[sleddingtech.com/wp-json/wp/v2/awsm_job_openings/8669.json]
[sleddingtech.com/wp-json/oembed/1.0/embedb57c.json]
[sleddingtech.com/wp-json/oembed/1.0/embedc32f]
[sleddingtech.com/current-openings/java-full-stack-developer/index.html]
[sleddingtech.com/wp-json/wp/v2/awsm_job_openings/5694.json]
[sleddingtech.com/wp-json/oembed/1.0/embedb84d.json]
[sleddingtech.com/wp-json/oembed/1.0/embed8c24]
[sleddingtech.com/current-openings/technology-lead/index.html]
[sleddingtech.com/job-location/mohali/index.html]
[sleddingtech.com/wp-json/wp/v2/awsm_job_openings/4108.json]
[sleddingtech.com/wp-json/oembed/1.0/embed66d1.json]
[sleddingtech.com/wp-json/oembed/1.0/embeda4e8]
[sleddingtech.com/current-openings/ios-developer/index.html]
[sleddingtech.com/wp-json/wp/v2/awsm_job_openings/10190.json]
[sleddingtech.com/wp-json/oembed/1.0/embed41c0.json]
[sleddingtech.com/current-openings/ms-dynamics-365-developers/index.html]
[sleddingtech.com/wp-json/oembed/1.0/embed7753]
[sleddingtech.com/wp-json/wp/v2/awsm_job_openings/10189.json]
[sleddingtech.com/wp-json/oembed/1.0/embed92f7.json]
[sleddingtech.com/wp-json/oembed/1.0/embede5b9]
[sleddingtech.com/current-openings/microsoft-azure-ipaas-solution-architect-2/index.html]
[sleddingtech.com/wp-json/wp/v2/awsm_job_openings/8667.json]
[sleddingtech.com/wp-json/oembed/1.0/embedfb57.json]
[sleddingtech.com/current-openings/mobile-developerxamarin/index.html]
[sleddingtech.com/wp-json/oembed/1.0/embed0600]
[sleddingtech.com/job-location/hyderabad/index.html]
[sleddingtech.com/wp-json/wp/v2/awsm_job_openings/8666.json]
[sleddingtech.com/wp-json/oembed/1.0/embed3d80.json]
[sleddingtech.com/wp-json/oembed/1.0/embed0fc1]
[sleddingtech.com/current-openings/net-developer/index.html]
[sleddingtech.com/wp-json/wp/v2/awsm_job_openings/3569.json]
[sleddingtech.com/wp-json/oembed/1.0/embeda749.json]
[sleddingtech.com/wp-json/oembed/1.0/embedb727]
[sleddingtech.com/current-openings/automation-qa/index.html]
[sleddingtech.com/job-category/qa/index.html]
[sleddingtech.com/wp-json/wp/v2/awsm_job_openings/3568.json]
[sleddingtech.com/job-location/banglore/index.html]
[sleddingtech.com/wp-json/oembed/1.0/embedbe85.json]
[sleddingtech.com/wp-json/oembed/1.0/embedae7e]
[sleddingtech.com/current-openings/msbi-4-years-developer/index.html]
[sleddingtech.com/wp-json/wp/v2/awsm_job_openings/3567.json]
[sleddingtech.com/wp-json/oembed/1.0/embedaf44.json]
[sleddingtech.com/wp-json/oembed/1.0/embedc00d]
[sleddingtech.com/current-openings/full-stack-developer-4-years-developer/index.html]
[sleddingtech.com/wp-json/wp/v2/awsm_job_openings/10188.json]
[sleddingtech.com/wp-json/oembed/1.0/embed964a.json]
[sleddingtech.com/current-openings/it-application-specialist/index.html]
[sleddingtech.com/wp-json/oembed/1.0/embed9c58]
[sleddingtech.com/wp-json/wp/v2/awsm_job_openings/10186.json]
[sleddingtech.com/wp-json/oembed/1.0/embed74c5.json]
[sleddingtech.com/wp-json/oembed/1.0/embedcd87]
[sleddingtech.com/current-openings/sap-btp/index.html]
[sleddingtech.com/wp-json/wp/v2/awsm_job_openings/8668.json]
[sleddingtech.com/wp-json/oembed/1.0/embeda068.json]
[sleddingtech.com/wp-json/oembed/1.0/embed473f]
[sleddingtech.com/current-openings/aws-architect/index.html]
[sleddingtech.com/job-category/aws/index.html]
[sleddingtech.com/wp-json/wp/v2/awsm_job_openings/8662.json]
[sleddingtech.com/wp-json/oembed/1.0/embed96bc.json]
[sleddingtech.com/wp-json/oembed/1.0/embed3778]
[sleddingtech.com/current-openings/backend-developer/index.html]
[sleddingtech.com/wp-json/wp/v2/awsm_job_openings/5753.json]
[sleddingtech.com/wp-json/oembed/1.0/embed4643.json]
[sleddingtech.com/wp-json/oembed/1.0/embed7fec]
[sleddingtech.com/current-openings/mulesoft-developer-2/index.html]
[sleddingtech.com/wp-json/wp/v2/awsm_job_openings/5751.json]
[sleddingtech.com/wp-json/oembed/1.0/embedfb96.json]
[sleddingtech.com/wp-json/oembed/1.0/embed4680]
[sleddingtech.com/current-openings/business-analyst-3/index.html]
[sleddingtech.com/wp-json/wp/v2/awsm_job_openings/4245.json]
[sleddingtech.com/wp-json/oembed/1.0/embed04ed.json]
[sleddingtech.com/wp-json/oembed/1.0/embed4056]
[sleddingtech.com/current-openings/business-analyst-2/index.html]
[sleddingtech.com/wp-json/wp/v2/awsm_job_openings/5749.json]
[sleddingtech.com/wp-json/oembed/1.0/embed187a.json]
[sleddingtech.com/wp-json/oembed/1.0/embed6137]
[sleddingtech.com/current-openings/technology-lead-2/index.html]
[sleddingtech.com/wp-json/wp/v2/awsm_job_openings/5683.json]
[sleddingtech.com/wp-json/oembed/1.0/embed9db0.json]
[sleddingtech.com/wp-json/oembed/1.0/embed0338]
[sleddingtech.com/current-openings/solution-architect/index.html]
[sleddingtech.com/wp-json/wp/v2/awsm_job_openings/4246.json]
[sleddingtech.com/wp-json/oembed/1.0/embed3394.json]
[sleddingtech.com/wp-json/oembed/1.0/embedc801]
[sleddingtech.com/current-openings/hubspot-lead-consultant/index.html]
[sleddingtech.com/wp-json/wp/v2/awsm_job_openings/4109.json]
[sleddingtech.com/wp-json/oembed/1.0/embed4842.json]
[sleddingtech.com/wp-json/oembed/1.0/embed732d]
[sleddingtech.com/current-openings/programmer-analyst/index.html]
[sleddingtech.com/wp-json/wp/v2/awsm_job_openings/3401.json]
[sleddingtech.com/wp-json/oembed/1.0/embed4be4.json]
[sleddingtech.com/wp-json/oembed/1.0/embed8b48]
[sleddingtech.com/current-openings/business-intelligence-engineer/index.html]
[sleddingtech.com/job-location/appleton/index.html]
[sleddingtech.com/job-location/wi/index.html]
[sleddingtech.com/wp-json/wp/v2/awsm_job_openings/3399.json]
[sleddingtech.com/wp-json/oembed/1.0/embed5b0e.json]
[sleddingtech.com/current-openings/business-analyst-automation/index.html]
[sleddingtech.com/wp-json/oembed/1.0/embedcac0]
[sleddingtech.com/wp-json/wp/v2/awsm_job_openings/3398.json]
[sleddingtech.com/wp-json/oembed/1.0/embed20fd.json]
[sleddingtech.com/wp-json/oembed/1.0/embede7ea]
[sleddingtech.com/current-openings/business-analyst/index.html]
[sleddingtech.com/wp-json/wp/v2/awsm_job_openings/3395.json]
[sleddingtech.com/wp-json/oembed/1.0/embedac98.json]
[sleddingtech.com/current-openings/pmo-leader-sr-it-program-manager-erp/index.html]
[sleddingtech.com/index21d4.html]
[sleddingtech.com/indexfe67.html]
[sleddingtech.com/index7c3b.html]
[sleddingtech.com/job-location/bhubaneshwar/index.html]
[sleddingtech.com/job-location/chennai/index.html]
[sleddingtech.com/wp-json/oembed/1.0/embed17e3]
[sleddingtech.com/job-location/gurgaon/index.html]
[sleddingtech.com/job-location/chennai/feed/index.html]
[sleddingtech.com/job-location/jaipur/index.html]
[sleddingtech.com/job-location/bhubaneshwar/feed/index.html]
[sleddingtech.com/index0ec8.html]
[sleddingtech.com/indexbfdc.html]
[sleddingtech.com/indexd3e2.html]
[sleddingtech.com/indexa5d5.html]
[sleddingtech.com/index4d4c.html]
[sleddingtech.com/index4dfc.html]
[sleddingtech.com/indexc54d.html]
[sleddingtech.com/index3eda.html]
[sleddingtech.com/job-location/mohali/index.html]
[sleddingtech.com/job-location/jaipur/feed/index.html]
[sleddingtech.com/job-location/gurgaon/feed/index.html]
[sleddingtech.com/index9716.html]
[sleddingtech.com/index022d.html]
[sleddingtech.com/index32f1.html]
[sleddingtech.com/index9c76.html]
[sleddingtech.com/job-location/hyderabad/index.html]
[sleddingtech.com/job-location/mohali/feed/index.html]
[sleddingtech.com/index6789.html]
[sleddingtech.com/index46af.html]
[sleddingtech.com/job-category/qa/index.html]
[sleddingtech.com/job-location/hyderabad/feed/index.html]
[sleddingtech.com/job-location/banglore/index.html]
[sleddingtech.com/job-category/qa/feed/index.html]
[sleddingtech.com/indexfd91.html]
[sleddingtech.com/job-location/banglore/feed/index.html]
[sleddingtech.com/index53ed.html]
[sleddingtech.com/index499a.html]
[sleddingtech.com/index8eee.html]
[sleddingtech.com/index64df.html]
[sleddingtech.com/job-category/aws/index.html]
[sleddingtech.com/job-category/aws/feed/index.html]
[sleddingtech.com/indexfde0.html]
[sleddingtech.com/indexb267.html]
[sleddingtech.com/index725b.html]
[sleddingtech.com/index2e1a.html]
[sleddingtech.com/index7555.html]
[sleddingtech.com/indexbaa4.html]
[sleddingtech.com/index2bae.html]
[sleddingtech.com/indexa3af.html]
[sleddingtech.com/index0999.html]
[sleddingtech.com/job-location/appleton/index.html]
[sleddingtech.com/job-location/wi/index.html]
[sleddingtech.com/job-location/appleton/feed/index.html]
[sleddingtech.com/index6b1a.html]
[sleddingtech.com/current-openings/python-developer/index.html]
[sleddingtech.com/current-openings/data-modeler/index.html]
[sleddingtech.com/indexe4cc.html]
[sleddingtech.com/indexc5d1.html]
[sleddingtech.com/job-location/wi/feed/index.html]
[sleddingtech.com/current-openings/web-developer/index.html]
[sleddingtech.com/wp-json/wp/v2/awsm_job_openings/8665.json]
[sleddingtech.com/wp-json/oembed/1.0/embedeb39.json]
[sleddingtech.com/wp-json/oembed/1.0/embeda8a0]
[sleddingtech.com/current-openings/python-developer/index.html]
[sleddingtech.com/wp-json/wp/v2/awsm_job_openings/5691.json]
[sleddingtech.com/wp-json/oembed/1.0/embedf725.json]
[sleddingtech.com/wp-json/oembed/1.0/embed9fe7]
[sleddingtech.com/current-openings/data-modeler/index.html]
[sleddingtech.com/job-category/data-modeler/index.html]
[sleddingtech.com/wp-json/wp/v2/awsm_job_openings/3381.json]
[sleddingtech.com/wp-json/oembed/1.0/embeda0fe.json]
[sleddingtech.com/wp-json/oembed/1.0/embed021c]
[sleddingtech.com/current-openings/web-developer/index.html]
[sleddingtech.com/index52cd.html]
[sleddingtech.com/index765d.html]
[sleddingtech.com/job-category/data-modeler/index.html]
[sleddingtech.com/job-category/data-modeler/feed/index.html]
[sleddingtech.com/index2d00.html]
